src/App.tsx(1,1): error TS6133: 'React' is declared but its value is never read.
src/context/AuthContext.tsx(3,30): error TS1484: 'User' is a type and must be imported using a type-only import when 'verbatimModuleSyntax' is enabled.
src/firebase.ts(18,55): error TS2769: No overload matches this call.
  Overload 1 of 4, '(app: FirebaseApp): Firestore', gave the following error.
    Argument of type 'FirebaseApp | null' is not assignable to parameter of type 'FirebaseApp'.
      Type 'null' is not assignable to type 'FirebaseApp'.
  Overload 2 of 4, '(databaseId: string): Firestore', gave the following error.
    Argument of type 'FirebaseApp | null' is not assignable to parameter of type 'string'.
      Type 'null' is not assignable to type 'string'.
src/firebase.ts(19,52): error TS2345: Argument of type 'FirebaseApp | null' is not assignable to parameter of type 'FirebaseApp | undefined'.
  Type 'null' is not assignable to type 'FirebaseApp | undefined'.
src/layouts/DashboardLayout.tsx(1,1): error TS6133: 'React' is declared but its value is never read.
src/pages/BookingsInvoicing.tsx(1,8): error TS6133: 'React' is declared but its value is never read.
src/pages/Dashboard.tsx(1,8): error TS6133: 'React' is declared but its value is never read.
src/pages/Dashboard.tsx(20,36): error TS2769: No overload matches this call.
  Overload 1 of 3, '(firestore: Firestore, path: string, ...pathSegments: string[]): CollectionReference<DocumentData, DocumentData>', gave the following error.
    Argument of type 'Firestore | null' is not assignable to parameter of type 'Firestore'.
      Type 'null' is not assignable to type 'Firestore'.
  Overload 2 of 3, '(reference: CollectionReference<unknown, DocumentData>, path: string, ...pathSegments: string[]): CollectionReference<DocumentData, DocumentData>', gave the following error.
    Argument of type 'Firestore | null' is not assignable to parameter of type 'CollectionReference<unknown, DocumentData>'.
      Type 'null' is not assignable to type 'CollectionReference<unknown, DocumentData>'.
  Overload 3 of 3, '(reference: DocumentReference<unknown, DocumentData>, path: string, ...pathSegments: string[]): CollectionReference<DocumentData, DocumentData>', gave the following error.
    Argument of type 'Firestore | null' is not assignable to parameter of type 'DocumentReference<unknown, DocumentData>'.
      Type 'null' is not assignable to type 'DocumentReference<unknown, DocumentData>'.
src/pages/IntakeForms.tsx(1,8): error TS6133: 'React' is declared but its value is never read.
src/pages/PlannerComms.tsx(1,8): error TS6133: 'React' is declared but its value is never read.
src/pages/PlannerComms.tsx(2,10): error TS6133: 'MessageSquare' is declared but its value is never read.
src/pages/PlannerComms.tsx(2,38): error TS6133: 'Calendar' is declared but its value is never read.
src/pages/PlannerComms.tsx(4,34): error TS6133: 'getDocs' is declared but its value is never read.
src/pages/TeamManagement.tsx(1,8): error TS6133: 'React' is declared but its value is never read.
